RECORD_TYPE
RECORD_SEQUENCE
ACTIVITY_TYPE
RESULT_CODE
RESULT_TEXT
RESERVED_1
RESERVED_2
RECORD_ORIGIN
OFFERED_TIME
ANSWERED_TIME
DISC_TIME
A_NUM
B_NUM
EXTERNAL_ID
EXTERNAL_ID_TYPE
MSC_ID
MSRN
APP_TYPE
SUBTYPE
UNIT_TYPE
CRN
INITIAL_AUT
CHARGE_TYPE
SGSN
CLEAR_CAUSE
CELL_ID
CALL_TYPE
CONS_AMOUNT
UTC_OFFSET
ORIGIN
PORTED_NUMBER
ORG_CHARGE_AMT
ORG_CHARGE_CURRENCY
GSM_PROVIDER_ID
APN
QOS
RESERVATION_TYPE
PDP_INIT_TYPE
SVC_ID_LAI
ECI_MSG_TYPE
ECI_ASSOCIATED_NUMBER
ECI_MSISDN
ECI_ALT_MSISDN
ECI_SUBTYPE
ECI_BEARER_CAP
ECI_APP_ID
ECI_TRANS_ID1
ECI_TRANS_ID2
ECI_ACCESS_MT
ECI_MIN_XLAT
ECI_CHARGE_AMT
ECI_PRORATE
ECI_ORG_SDPID
ECI_PARM1
ECI_PARM2
CP_LAI
CP_INDICATOR
CP_POSTPAID_TYPE
CP_CALLTYPE
CP_CHARGE_INDICATOR
CP_REDIRECT_NUMBER
CP_IMSI
CP_XLAT_NUMBER
CP_MSRN_A
CP_NCF_LEG
CP_CALL_DIRECTION
CP_ANUM_ANS_TIME
CP_BNUM_ANS_TIME
BILLABLE
EXT_SEQUENCE
OSA_RESV_START_TIME
OSA_RESV_TYPE
OSA_SUBSCR_ID
OSA_PARAM_ITEM
OSA_PARAM_SUBTYPE
OSA_PARAM_CONFIRM_ID
OSA_PARAM_CONTRACT
OSA_TZ_OFFSET
OSA_PARAM_QOS
OSA_PARAM_SVC1
OSA_PARAM_SVC2
OSA_PARAM_SVC3
OSA_PARAM_SVC4
OSA_PARAM_INFO
OSA_PARAM_SUB_LOC
OSA_PARAM_SUB_LOC_TYPE
OSA_PARAM_OTHER_LOC
OSA_PARAM_OTHER_LOC_TYPE
OSA_PARAM_IMSI_MIN
OSA_PARAM_MERCHANT_ID
OSA_SESSION_DESC
OSA_SESSION_ID
OSA_CORRELATE_ID
OSA_CORR_TYPE
OSA_MER_ACC_ID
OSA_APP_DESC
OSA_EXT_UNIT_TYPE_ID
OSA_CURRENCY
OSA_REASON_CODE
OSA_REQUEST_TYPE
OCS_APP
OCS_APP_DESC
OCS_FEATURE_PREFIX
OCS_ACTIVITY_TIME
OCS_REQUEST_TYPE
OCS_T_BIT
OCS_CONS_UNIT
OCS_CONS_UNIT_TYPE
OCS_CURRENCY_TYPE
OCS_IMSI_NUM
OCS_CHARGE_ITEM_ID
OCS_SESSION_ID
OCS_SUB_SESSION_ID
OCS_TRANS_ID
OCS_SUBSCR_ID
OCS_SESSION_DESC
OCS_SUB_LOC
OCS_SUB_LOC_TYPE
OCS_SUB_OTHER_LOC
OCS_SUB_OTHER_LOC_TYPE
OCS_TELE_SVC_TYPE
CP_TIMEZONE
OFFERED_MSEC
ANSWERED_MSEC
DISC_MSEC
B_EXT_ID_TYPE
PORTING_PREFIX
A_IMSI
B_IMSI
TYPE_1_NORM_NUM
TYPE_2_NORM_NUM
NOA
NPI
OCS_SEGMENT_ID
SIP_INCOMING_CALL_ID
SIP_OUTGOING_CALL_ID
OCS_START_TIME_TYPE
OCS_END_TIME_TYPE
